
> jvtutorcorner-rwd@0.1.0 build
> next build

▲ Next.js 16.1.6 (Turbopack)
- Environments: .env.local

node.exe : ⚠ The "middleware" file convention is deprecated. Please use "proxy"
 instead. Learn more: https://nextjs.org/docs/messages/middleware-to-proxy
At line:1 char:1
+ & "C:\nvm4w\nodejs/node.exe" "C:\nvm4w\nodejs/node_modules/npm/bin/np ...
+ ~~~~~~~~~~~~~~~~~~~~~~~~~~~~~~~~~~~~~~~~~~~~~~~~~~~~~~~~~~~~~~~~~~~~~
    + CategoryInfo          : NotSpecified: (⚠ The "middlewa...leware-to-proxy 
   :String) [], RemoteException
    + FullyQualifiedErrorId : NativeCommandError
 
  Creating an optimized production build ...

> Build error occurred
Error: Turbopack build failed with 2 errors:
./app/classroom/wait/page.tsx:143:11
Ecmascript file had an error
[0m [90m 141 |[39m     [90m// Defer check slightly to allow storage events/
auth changes to propagate[39m
 [90m 142 |[39m     [90m// If recently logged in, use longer delay to let st
ate settle[39m
[31m[1m>[22m[39m[90m 143 |[39m     [36mconst[39m lastLoginTime [33m=[
39m window[33m.[39msessionStorage[33m.[39mgetItem([32m'tutor_last_login_ti
me'[39m)[33m;[39m
 [90m     |[39m           [31m[1m^[22m[39m[31m[1m^[22m[39m[31m[1m^
[22m[39m[31m[1m^[22m[39m[31m[1m^[22m[39m[31m[1m^[22m[39m[31m[1m^
[22m[39m[31m[1m^[22m[39m[31m[1m^[22m[39m[31m[1m^[22m[39m[31m[1m
^[22m[39m[31m[1m^[22m[39m[31m[1m^[22m[39m
 [90m 144 |[39m     [36mconst[39m timeSinceLogin [33m=[39m lastLoginTime 
[33m?[39m [33mDate[39m[33m.[39mnow() [33m-[39m [33mNumber[39m(lastLog
inTime) [33m:[39m [33mInfinity[39m[33m;[39m
 [90m 145 |[39m     [36mconst[39m initialDelay [33m=[39m timeSinceLogin 
[33m<[39m [35m10000[39m [33m?[39m [35m1500[39m [33m:[39m [35m300[39m
[33m;[39m  [90m// Longer delay if recently logged in[39m
 [90m 146 |[39m     [36mconst[39m recheckTimer [33m=[39m window[33m.[39
msetTimeout(checkSessionAndMaybeRedirect[33m,[39m initialDelay)[33m;[39m[0
m

the name `lastLoginTime` is defined multiple times

Import traces:
  App Route:
    ./app/classroom/wait/page.tsx
    ./app/api/admin/settings/route.ts

  Client Component Browser:
    ./app/classroom/wait/page.tsx [Client Component Browser]
    ./app/classroom/wait/page.tsx [Server Component]

  Client Component SSR:
    ./app/classroom/wait/page.tsx [Client Component SSR]
    ./app/classroom/wait/page.tsx [Server Component]


./app/classroom/wait/page.tsx:144:11
Ecmascript file had an error
[0m [90m 142 |[39m     [90m// If recently logged in, use longer delay to le
t state settle[39m
 [90m 143 |[39m     [36mconst[39m lastLoginTime [33m=[39m window[33m.[3
9msessionStorage[33m.[39mgetItem([32m'tutor_last_login_time'[39m)[33m;[39
m
[31m[1m>[22m[39m[90m 144 |[39m     [36mconst[39m timeSinceLogin [33m=
[39m lastLoginTime [33m?[39m [33mDate[39m[33m.[39mnow() [33m-[39m [33m
Number[39m(lastLoginTime) [33m:[39m [33mInfinity[39m[33m;[39m
 [90m     |[39m           [31m[1m^[22m[39m[31m[1m^[22m[39m[31m[1m^
[22m[39m[31m[1m^[22m[39m[31m[1m^[22m[39m[31m[1m^[22m[39m[31m[1m^
[22m[39m[31m[1m^[22m[39m[31m[1m^[22m[39m[31m[1m^[22m[39m[31m[1m
^[22m[39m[31m[1m^[22m[39m[31m[1m^[22m[39m[31m[1m^[22m[39m
 [90m 145 |[39m     [36mconst[39m initialDelay [33m=[39m timeSinceLogin 
[33m<[39m [35m10000[39m [33m?[39m [35m1500[39m [33m:[39m [35m300[39m
[33m;[39m  [90m// Longer delay if recently logged in[39m
 [90m 146 |[39m     [36mconst[39m recheckTimer [33m=[39m window[33m.[39
msetTimeout(checkSessionAndMaybeRedirect[33m,[39m initialDelay)[33m;[39m
 [90m 147 |[39m     [36mconst[39m onAuthChanged [33m=[39m () [33m=>[39m
 {[0m

the name `timeSinceLogin` is defined multiple times

Import traces:
  App Route:
    ./app/classroom/wait/page.tsx
    ./app/api/admin/settings/route.ts

  Client Component Browser:
    ./app/classroom/wait/page.tsx [Client Component Browser]
    ./app/classroom/wait/page.tsx [Server Component]

  Client Component SSR:
    ./app/classroom/wait/page.tsx [Client Component SSR]
    ./app/classroom/wait/page.tsx [Server Component]


    at <unknown> (./app/classroom/wait/page.tsx:143:11)
    at <unknown> (./app/classroom/wait/page.tsx:144:11)
